#Thu Mar 30 09:28:44 CEST 2023
LOG_LEVEL=DEBUG,INFO,WARN,ERROR,FATAL
AUTOLOGIN_APPLICATIONS=engines,monitor
LLM_QUOTE_SERVER_URL=tcp\://localhost\:6199
AUTO_COMPENSATION_MODEL=CSDBased
SERVERS=eventserver,dataserver,rodataserver,exp_engineserver,gen_engineserver,imp_engineserver,cws_engineserver
LOCALE=Spanish
USE_CALL_ACCOUNT=true
MAX_POSTINGS_PER_USER=250000
LIQUIDITY_SERVER_BUS_URL=tcp\://localhost\:61620
NDPERSISTOREVENTSERVERURL=tcp\://localhost\:1974
LOG_MAXFILESIZE=300000000
LLM_MAS_SERVER_URL=tcp\://localhost\:8199
PartialSettlementNoCheck=true
CACHE_CLIENT_EXTENDED=true
SPLITWINDOW_ENHANCED=true
DATASERVER_NAMING_PROVIDER_URL=https-remoting\://BVMNGLCALYPD113.nngg.corp\:11001
USE_MESSAGE_AMOUNT_FORMAT=true
ENGINESERVER_NAMING_PROVIDER_URL=https-remoting\://BVMNGLCALYPD113.nngg.corp\:11301,https-remoting\://BVMNGLCALYPD113.nngg.corp\:11401,https-remoting\://BVMNGLCALYPD113.nngg.corp\:11201,https-remoting\://BVMNGLCALYPD113.nngg.corp\:11501
ALLOW_EXECUTE_SQL=true
CALYPSO_TRANSIENT_MESSAGING_SERVER_URL=failover\:(tcp\://localhost\:63616)?timeout\=30000
DATA_SERVER_NAME=MA_DS
CUSTOM_SSL_TRUSTSTORE_SERVER_PWD=calypso
RODS_MAX_EVENTS=30000
com.calypso.cache.client.extended=true
LLM_CURVE_QUOTE_SERVER_URL=tcp\://localhost\:8199
RODATASERVER_NAMING_PROVIDER_URL=https-remoting\://BVMNGLCALYPD113.nngg.corp\:11041
DEFAULT_ROWPREFETCH_SIZE=100
MONITOR_SQL=false
USE_SSL=true
USE_READ_ONLY_DS=true
JMS_NAMING_PROVIDER_URL=https-remoting\://BVMNGLCALYPD113.nngg.corp\:11101
CALYPSO_MESSAGING_SERVER_URL=failover\:(tcp\://localhost\:62616)?timeout\=30000
AUTO_FEED_EXTERNAL_REF=false
USE_SR_2022=True
LOG_CATEGORY=GestorSTPSwiftMessageEngine
SERVERHOST=BVMNGLCALYPD113.nngg.corp
EVENTSERVER_NAMING_PROVIDER_URL=https-remoting\://BVMNGLCALYPD113.nngg.corp\:11101
SKIP_INVENTORY_EXCEPTION=true
EDEALING_LLMEVENTSERVERURL=tcp\://localhost\:6199
DU_MESSAGING_SERVER_URL=tcp\://localhost\:61917
RATE_ENGINE_LLMEVENTSERVERURL=tcp\://localhost\:8199
CUSTOM_SSL_TRUSTSTORE_FILE=client.truststore